This is pdfTeX, Version 3.141592653-2.6-1.40.29 (TeX Live 2026) (preloaded format=pdflatex)
 restricted \write18 enabled.
entering extended mode
LaTeX2e <2025-11-01>
L3 programming layer <2026-03-20>
(./main.tex (/Users/lexa/Library/texmf/tex/latex/base/article.cls
Document Class: article 2025/01/22 v1.4n Standard LaTeX document class
(/Users/lexa/Library/texmf/tex/latex/base/size10.clo))
(/usr/local/texlive/2026basic/texmf-dist/tex/latex/geometry/geometry.sty
(/Users/lexa/Library/texmf/tex/latex/graphics/keyval.sty)
(/usr/local/texlive/2026basic/texmf-dist/tex/generic/iftex/ifvtex.sty
(/usr/local/texlive/2026basic/texmf-dist/tex/generic/iftex/iftex.sty)))
(/usr/local/texlive/2026basic/texmf-dist/tex/latex/natbib/natbib.sty)
(/Users/lexa/Library/texmf/tex/latex/base/fontenc.sty)
(/Users/lexa/Library/texmf/tex/latex/base/inputenc.sty)
(/usr/local/texlive/2026basic/texmf-dist/tex/latex/booktabs/booktabs.sty)
(/Users/lexa/Library/texmf/tex/latex/tools/tabularx.sty
(/Users/lexa/Library/texmf/tex/latex/tools/array.sty))
(/Users/lexa/Library/texmf/tex/latex/tools/xspace.sty)
(/Users/lexa/Library/texmf/tex/latex/amsmath/amsmath.sty
For additional information on amsmath, use the `?' option.
(/Users/lexa/Library/texmf/tex/latex/amsmath/amstext.sty
(/Users/lexa/Library/texmf/tex/latex/amsmath/amsgen.sty))
(/Users/lexa/Library/texmf/tex/latex/amsmath/amsbsy.sty)
(/Users/lexa/Library/texmf/tex/latex/amsmath/amsopn.sty))
(/usr/local/texlive/2026basic/texmf-dist/tex/latex/amsfonts/amssymb.sty
(/usr/local/texlive/2026basic/texmf-dist/tex/latex/amsfonts/amsfonts.sty))
(/usr/local/texlive/2026basic/texmf-dist/tex/latex/hyperref/hyperref.sty
(/usr/local/texlive/2026basic/texmf-dist/tex/latex/kvsetkeys/kvsetkeys.sty)
(/usr/local/texlive/2026basic/texmf-dist/tex/generic/kvdefinekeys/kvdefinekeys.
sty)
(/usr/local/texlive/2026basic/texmf-dist/tex/generic/pdfescape/pdfescape.sty
(/usr/local/texlive/2026basic/texmf-dist/tex/generic/ltxcmds/ltxcmds.sty)
(/usr/local/texlive/2026basic/texmf-dist/tex/generic/pdftexcmds/pdftexcmds.sty
(/usr/local/texlive/2026basic/texmf-dist/tex/generic/infwarerr/infwarerr.sty)))
 (/usr/local/texlive/2026basic/texmf-dist/tex/latex/hycolor/hycolor.sty)
(/usr/local/texlive/2026basic/texmf-dist/tex/latex/hyperref/nameref.sty
(/usr/local/texlive/2026basic/texmf-dist/tex/latex/refcount/refcount.sty)
(/usr/local/texlive/2026basic/texmf-dist/tex/generic/gettitlestring/gettitlestr
ing.sty
(/usr/local/texlive/2026basic/texmf-dist/tex/latex/kvoptions/kvoptions.sty)))
(/Users/lexa/Library/texmf/tex/latex/etoolbox/etoolbox.sty)
(/usr/local/texlive/2026basic/texmf-dist/tex/generic/stringenc/stringenc.sty)
(/usr/local/texlive/2026basic/texmf-dist/tex/latex/hyperref/pd1enc.def)
(/usr/local/texlive/2026basic/texmf-dist/tex/generic/intcalc/intcalc.sty)
(/usr/local/texlive/2026basic/texmf-dist/tex/latex/hyperref/puenc.def)
(/usr/local/texlive/2026basic/texmf-dist/tex/latex/url/url.sty)
(/usr/local/texlive/2026basic/texmf-dist/tex/generic/bitset/bitset.sty
(/usr/local/texlive/2026basic/texmf-dist/tex/generic/bigintcalc/bigintcalc.sty)
)) (/usr/local/texlive/2026basic/texmf-dist/tex/latex/hyperref/hpdftex.def
(/usr/local/texlive/2026basic/texmf-dist/tex/latex/rerunfilecheck/rerunfilechec
k.sty
(/usr/local/texlive/2026basic/texmf-dist/tex/generic/uniquecounter/uniquecounte
r.sty))) (/Users/lexa/Library/texmf/tex/latex/l3backend/l3backend-pdftex.def)
(./main.aux)
*geometry* driver: auto-detecting
*geometry* detected driver: pdftex
(./main.out) (./main.out)
(/usr/local/texlive/2026basic/texmf-dist/tex/latex/amsfonts/umsa.fd)
(/usr/local/texlive/2026basic/texmf-dist/tex/latex/amsfonts/umsb.fd)
Underfull \hbox (badness 1742) in paragraph at lines 90--102
\T1/cmr/m/n/10 The SAIR Math-e-mat-ics Dis-til-la-tion Chal-lenge on
[1{/Users/lexa/Library/texlive/2026basic/texmf-var/fonts/map/pdftex/updmap/pdft
ex.map}]
Underfull \hbox (badness 1769) in paragraph at lines 243--253
[]\T1/cmr/m/n/10 The in-ter-face cre-ates three dis-tinct obli-ga-tions.

Underfull \hbox (badness 10000) in paragraph at lines 305--316
 []\T1/cmr/bx/n/10 Stage E: any-time proof search.[] \T1/cmr/m/n/10 The

Underfull \hbox (badness 3128) in paragraph at lines 305--316
\T1/cmr/m/n/10 ordered-superposition en-gine, in the tra-di-tion of

Underfull \hbox (badness 1253) in paragraph at lines 305--316
[]\OT1/cmr/m/n/10 (600\OML/cmm/m/it/10 ; []\OT1/cmr/m/n/10 (20\OML/cmm/m/it/10 
; T=\OT1/cmr/m/n/10 6))$ \T1/cmr/m/n/10 sec-onds, which is six hun-
[2] [3]
Underfull \hbox (badness 1960) in paragraph at lines 421--421
[]\T1/cmr/bx/n/12 Coefficient match-ing over struc-

Underfull \hbox (badness 1533) in paragraph at lines 436--446
\T1/cmr/m/n/10 field and three-dimensional vec-tors over the two-
[4]
Underfull \hbox (badness 10000) in paragraph at lines 561--569
[]\T1/cmr/m/n/10 The al-ter-na-tive is a def-i-ni-tion such as

Underfull \hbox (badness 5475) in paragraph at lines 561--569
\T1/cmtt/m/n/10 submission.op \T1/cmr/m/n/10 whose body com-putes a lin-ear,
[5]
Underfull \hbox (badness 10000) in paragraph at lines 672--676
[]\T1/cmr/m/n/10 The pro-ce-dure re-mains budget-bounded and
[6]
Underfull \hbox (badness 5388) in paragraph at lines 782--782
[]\T1/cmr/bx/n/14.4 End-to-End Cer-tifi-cate Pro-
[7]
Underfull \hbox (badness 1259) in paragraph at lines 816--824
[]\T1/cmr/m/n/10 For a larger struc-tured car-rier, the trans-ac-tion

Underfull \vbox (badness 2334) has occurred while \output is active
Underfull \vbox (badness 1817) has occurred while \output is active [8]
Underfull \hbox (badness 10000) in paragraph at lines 1049--1052
[]\T1/cmr/m/n/10 These fo-cused re-sults are recorded in

Underfull \hbox (badness 10000) in paragraph at lines 1049--1052
\T1/cmtt/m/n/10 docs/TRUE_SIDE_G3_PROVER.md\T1/cmr/m/n/10 ; they have no

Underfull \hbox (badness 3019) in paragraph at lines 1055--1067
\T1/cmr/m/n/10 Before the v2 de-ter-min-is-tic ex-ten-sions, a fixed-

Underfull \hbox (badness 6284) in paragraph at lines 1055--1067
\T1/cmr/m/n/10 configuration run ex-er-cised the organizer-pinned
[9]
Underfull \hbox (badness 10000) in paragraph at lines 1068--1073
[]\T1/cmr/m/n/10 The ex-e-cuted pre-fix solver is bound in

Underfull \hbox (badness 10000) in paragraph at lines 1068--1073
\T1/cmtt/m/n/10 docs/LIVE_RUN_NOTES.md \T1/cmr/m/n/10 by SHA-256 pre-fix

Underfull \hbox (badness 1248) in paragraph at lines 1068--1073
\T1/cmtt/m/n/10 22a0bc846288...\T1/cmr/m/n/10 ; the canon-i-cal row data are in


Underfull \vbox (badness 1616) has occurred while \output is active [10]
Underfull \hbox (badness 4316) in paragraph at lines 1183--1190
 []\T1/cmr/bx/n/10 Equational the-o-ries.[] \T1/cmr/m/n/10 The Equa-tional The-
o-ries
[11] (./main.bbl
Underfull \hbox (badness 1939) in paragraph at lines 23--30
\T1/cmr/m/n/10 Nicholas Car-lini, Mario Carneiro, Floris van

Underfull \hbox (badness 1067) in paragraph at lines 23--30
\T1/cmr/m/n/10 Ad-vanc-ing col-lab-o-ra-tive math-e-mat-i-cal re-search

Underfull \hbox (badness 3701) in paragraph at lines 23--30
\T1/cmr/m/n/10 at scale.  arXiv preprint arXiv:2512.07087,

Underfull \hbox (badness 1005) in paragraph at lines 32--36
[]\T1/cmr/m/n/10 Manuel Is-rael Cázares.  Less is more: Cog-

Underfull \hbox (badness 2326) in paragraph at lines 32--36
\T1/cmr/m/n/10 ni-tive load and the single-prompt ceil-ing in

Underfull \hbox (badness 6412) in paragraph at lines 44--47
\T1/cmr/m/n/10 ing into a cheat sheet.  arXiv preprint

Underfull \hbox (badness 3078) in paragraph at lines 49--52
\T1/cmr/m/it/10 Jour-nal of Com-bi-na-to-rial The-ory\T1/cmr/m/n/10 , 8:376--39
0,
[12]
Underfull \hbox (badness 10000) in paragraph at lines 72--78
\T1/cmr/m/n/10 URL []$\T1/cmtt/m/n/10 https : / / github . com / SAIRcompetitio
n /
) [13] (./main.aux)

LaTeX Warning: Label(s) may have changed. Rerun to get cross-references right.

 )
(see the transcript file for additional information) </Users/lexa/Library/texli
ve/2026basic/texmf-var/fonts/pk/ljfour/jknappen/ec/ecti1000.600pk> </Users/lexa
/Library/texlive/2026basic/texmf-var/fonts/pk/ljfour/jknappen/ec/ectt0800.525pk
> </Users/lexa/Library/texlive/2026basic/texmf-var/fonts/pk/ljfour/jknappen/ec/
ectt0900.600pk> </Users/lexa/Library/texlive/2026basic/texmf-var/fonts/pk/ljfou
r/jknappen/ec/ecrm0900.600pk> </Users/lexa/Library/texlive/2026basic/texmf-var/
fonts/pk/ljfour/jknappen/ec/ecbx1000.600pk> </Users/lexa/Library/texlive/2026ba
sic/texmf-var/fonts/pk/ljfour/jknappen/ec/ecbx1200.600pk> </Users/lexa/Library/
texlive/2026basic/texmf-var/fonts/pk/ljfour/jknappen/ec/tcrm1000.600pk> </Users
/lexa/Library/texlive/2026basic/texmf-var/fonts/pk/ljfour/jknappen/ec/ectt1000.
600pk> </Users/lexa/Library/texlive/2026basic/texmf-var/fonts/pk/ljfour/jknappe
n/ec/ecrm1000.600pk> </Users/lexa/Library/texlive/2026basic/texmf-var/fonts/pk/
ljfour/jknappen/ec/ecbx1440.600pk> </Users/lexa/Library/texlive/2026basic/texmf
-var/fonts/pk/ljfour/jknappen/ec/ecrm1200.600pk> </Users/lexa/Library/texlive/2
026basic/texmf-var/fonts/pk/ljfour/jknappen/ec/ecrm1728.600pk></usr/local/texli
ve/2026basic/texmf-dist/fonts/type1/public/amsfonts/cm/cmmi10.pfb></usr/local/t
exlive/2026basic/texmf-dist/fonts/type1/public/amsfonts/cm/cmr10.pfb></usr/loca
l/texlive/2026basic/texmf-dist/fonts/type1/public/amsfonts/cm/cmr7.pfb></usr/lo
cal/texlive/2026basic/texmf-dist/fonts/type1/public/amsfonts/cm/cmss10.pfb></us
r/local/texlive/2026basic/texmf-dist/fonts/type1/public/amsfonts/cm/cmsy10.pfb>
</usr/local/texlive/2026basic/texmf-dist/fonts/type1/public/amsfonts/symbols/ms
bm10.pfb>
Output written on main.pdf (13 pages, 271180 bytes).
Transcript written on main.log.
